[     477ms] [INFO] %cDownload the React DevTools for a better development experience: https://react.dev/link/react-devtools font-weight:bold @ http://localhost:8081/node_modules/expo-router/entry.bundle?platform=web&dev=true&hot=false&lazy=true&transform.routerRoot=app:17348
[     496ms] [LOG] Running application "main" with appParams:
 {rootTag: #root, hydrate: undefined} 
Development-level warnings: ON.
Performance optimizations: OFF. @ http://localhost:8081/node_modules/expo-router/entry.bundle?platform=web&dev=true&hot=false&lazy=true&transform.routerRoot=app:40281
[     522ms] [WARNING] [expo-av]: Expo AV has been deprecated and will be removed in SDK 54. Use the `expo-audio` and `expo-video` packages to replace the required functionality. @ http://localhost:8081/node_modules/expo-router/entry.bundle?platform=web&dev=true&hot=false&lazy=true&transform.routerRoot=app:199232
[     589ms] [WARNING] props.pointerEvents is deprecated. Use style.pointerEvents @ http://localhost:8081/node_modules/expo-router/entry.bundle?platform=web&dev=true&hot=false&lazy=true&transform.routerRoot=app:23886
[     840ms] [ERROR] Failed to load resource: net::ERR_NAME_NOT_RESOLVED @ https://images.unsplash.com/photo-1594007654729-407eedc4fe0f?auto=format&fit=crop&w=1200&q=80:0
[     938ms] [ERROR] Failed to load resource: net::ERR_NAME_NOT_RESOLVED @ https://zqubwvhstobaugifzoyb.supabase.co/rest/v1/products?select=*&active=eq.true&company_id=eq.00000000-0000-0000-0000-000000000001&order=display_order.asc:0
[     938ms] [ERROR] Failed to fetch products: {message: TypeError: Failed to fetch, details: TypeError: Failed to fetch
    at http://localhost…lse&lazy=true&transform.routerRoot=app:148684:13), hint: , code: } @ http://localhost:8081/node_modules/expo-router/entry.bundle?platform=web&dev=true&hot=false&lazy=true&transform.routerRoot=app:901
[     938ms] [ERROR] Failed to load resource: net::ERR_NAME_NOT_RESOLVED @ https://zqubwvhstobaugifzoyb.supabase.co/rest/v1/profiles?select=id%2Crole%2Cemail%2Cfull_name%2Ccreated_at%2Cupdated_at%2Ccompany_id&id=eq.c706f588-0af9-4d27-8b9d-d16924b66960:0
[     938ms] [ERROR] Error fetching user role: {message: TypeError: Failed to fetch, details: TypeError: Failed to fetch
    at http://localhost…alse&lazy=true&transform.routerRoot=app:89973:13), hint: , code: } @ http://localhost:8081/node_modules/expo-router/entry.bundle?platform=web&dev=true&hot=false&lazy=true&transform.routerRoot=app:901
[     938ms] [ERROR] Exception in fetchUserRole: {message: TypeError: Failed to fetch, details: TypeError: Failed to fetch
    at http://localhost…alse&lazy=true&transform.routerRoot=app:89973:13), hint: , code: } @ http://localhost:8081/node_modules/expo-router/entry.bundle?platform=web&dev=true&hot=false&lazy=true&transform.routerRoot=app:901
[     938ms] [ERROR] Failed to load resource: net::ERR_NAME_NOT_RESOLVED @ https://zqubwvhstobaugifzoyb.supabase.co/rest/v1/profiles?select=id%2Crole%2Cemail%2Cfull_name%2Ccreated_at%2Cupdated_at%2Ccompany_id&id=eq.c706f588-0af9-4d27-8b9d-d16924b66960:0
[     938ms] [ERROR] Error fetching user role: {message: TypeError: Failed to fetch, details: TypeError: Failed to fetch
    at http://localhost…alse&lazy=true&transform.routerRoot=app:89973:13), hint: , code: } @ http://localhost:8081/node_modules/expo-router/entry.bundle?platform=web&dev=true&hot=false&lazy=true&transform.routerRoot=app:901
[     938ms] [ERROR] Exception in fetchUserRole: {message: TypeError: Failed to fetch, details: TypeError: Failed to fetch
    at http://localhost…alse&lazy=true&transform.routerRoot=app:89973:13), hint: , code: } @ http://localhost:8081/node_modules/expo-router/entry.bundle?platform=web&dev=true&hot=false&lazy=true&transform.routerRoot=app:901
[     939ms] [ERROR] Failed to load resource: net::ERR_NAME_NOT_RESOLVED @ https://zqubwvhstobaugifzoyb.supabase.co/rest/v1/companies?select=settings&id=eq.00000000-0000-0000-0000-000000000001:0
[    2087ms] [ERROR] Failed to load resource: net::ERR_NAME_NOT_RESOLVED @ https://zqubwvhstobaugifzoyb.supabase.co/rest/v1/products?select=*&active=eq.true&company_id=eq.00000000-0000-0000-0000-000000000001&order=display_order.asc:0
[    2087ms] [ERROR] Failed to fetch products: {message: TypeError: Failed to fetch, details: TypeError: Failed to fetch
    at http://localhost…lse&lazy=true&transform.routerRoot=app:148684:13), hint: , code: } @ http://localhost:8081/node_modules/expo-router/entry.bundle?platform=web&dev=true&hot=false&lazy=true&transform.routerRoot=app:901
[    4222ms] [ERROR] Failed to load resource: net::ERR_NAME_NOT_RESOLVED @ https://zqubwvhstobaugifzoyb.supabase.co/rest/v1/products?select=*&active=eq.true&company_id=eq.00000000-0000-0000-0000-000000000001&order=display_order.asc:0
[    4222ms] [ERROR] Failed to fetch products: {message: TypeError: Failed to fetch, details: TypeError: Failed to fetch
    at http://localhost…lse&lazy=true&transform.routerRoot=app:148684:13), hint: , code: } @ http://localhost:8081/node_modules/expo-router/entry.bundle?platform=web&dev=true&hot=false&lazy=true&transform.routerRoot=app:901
[    8379ms] [ERROR] Failed to load resource: net::ERR_NAME_NOT_RESOLVED @ https://zqubwvhstobaugifzoyb.supabase.co/rest/v1/products?select=*&active=eq.true&company_id=eq.00000000-0000-0000-0000-000000000001&order=display_order.asc:0
[    8379ms] [ERROR] Failed to fetch products: {message: TypeError: Failed to fetch, details: TypeError: Failed to fetch
    at http://localhost…lse&lazy=true&transform.routerRoot=app:148684:13), hint: , code: } @ http://localhost:8081/node_modules/expo-router/entry.bundle?platform=web&dev=true&hot=false&lazy=true&transform.routerRoot=app:901
