[     506ms] [INFO] %cDownload the React DevTools for a better development experience: https://react.dev/link/react-devtools font-weight:bold @ http://localhost:8081/node_modules/expo-router/entry.bundle?platform=web&dev=true&hot=false&lazy=true&transform.routerRoot=app:17348
[     524ms] [LOG] Running application "main" with appParams:
 {rootTag: #root, hydrate: undefined} 
Development-level warnings: ON.
Performance optimizations: OFF. @ http://localhost:8081/node_modules/expo-router/entry.bundle?platform=web&dev=true&hot=false&lazy=true&transform.routerRoot=app:40281
[     548ms] [WARNING] [expo-av]: Expo AV has been deprecated and will be removed in SDK 54. Use the `expo-audio` and `expo-video` packages to replace the required functionality. @ http://localhost:8081/node_modules/expo-router/entry.bundle?platform=web&dev=true&hot=false&lazy=true&transform.routerRoot=app:199232
[     613ms] [WARNING] props.pointerEvents is deprecated. Use style.pointerEvents @ http://localhost:8081/node_modules/expo-router/entry.bundle?platform=web&dev=true&hot=false&lazy=true&transform.routerRoot=app:23886
[     921ms] [ERROR] Failed to load resource: net::ERR_NAME_NOT_RESOLVED @ https://images.unsplash.com/photo-1594007654729-407eedc4fe0f?auto=format&fit=crop&w=1200&q=80:0
[     958ms] [ERROR] Failed to load resource: net::ERR_NAME_NOT_RESOLVED @ https://zqubwvhstobaugifzoyb.supabase.co/rest/v1/products?select=*&active=eq.true&company_id=eq.00000000-0000-0000-0000-000000000001&order=display_order.asc:0
[     958ms] [ERROR] Failed to fetch products: {message: TypeError: Failed to fetch, details: TypeError: Failed to fetch
    at http://localhost…lse&lazy=true&transform.routerRoot=app:148684:13), hint: , code: } @ http://localhost:8081/node_modules/expo-router/entry.bundle?platform=web&dev=true&hot=false&lazy=true&transform.routerRoot=app:901
[     958ms] [ERROR] Failed to load resource: net::ERR_NAME_NOT_RESOLVED @ https://zqubwvhstobaugifzoyb.supabase.co/rest/v1/profiles?select=id%2Crole%2Cemail%2Cfull_name%2Ccreated_at%2Cupdated_at%2Ccompany_id&id=eq.c706f588-0af9-4d27-8b9d-d16924b66960:0
[     958ms] [ERROR] Error fetching user role: {message: TypeError: Failed to fetch, details: TypeError: Failed to fetch
    at http://localhost…alse&lazy=true&transform.routerRoot=app:89973:13), hint: , code: } @ http://localhost:8081/node_modules/expo-router/entry.bundle?platform=web&dev=true&hot=false&lazy=true&transform.routerRoot=app:901
[     958ms] [ERROR] Exception in fetchUserRole: {message: TypeError: Failed to fetch, details: TypeError: Failed to fetch
    at http://localhost…alse&lazy=true&transform.routerRoot=app:89973:13), hint: , code: } @ http://localhost:8081/node_modules/expo-router/entry.bundle?platform=web&dev=true&hot=false&lazy=true&transform.routerRoot=app:901
[     959ms] [ERROR] Failed to load resource: net::ERR_NAME_NOT_RESOLVED @ https://zqubwvhstobaugifzoyb.supabase.co/rest/v1/profiles?select=id%2Crole%2Cemail%2Cfull_name%2Ccreated_at%2Cupdated_at%2Ccompany_id&id=eq.c706f588-0af9-4d27-8b9d-d16924b66960:0
[     959ms] [ERROR] Error fetching user role: {message: TypeError: Failed to fetch, details: TypeError: Failed to fetch
    at http://localhost…alse&lazy=true&transform.routerRoot=app:89973:13), hint: , code: } @ http://localhost:8081/node_modules/expo-router/entry.bundle?platform=web&dev=true&hot=false&lazy=true&transform.routerRoot=app:901
[     959ms] [ERROR] Exception in fetchUserRole: {message: TypeError: Failed to fetch, details: TypeError: Failed to fetch
    at http://localhost…alse&lazy=true&transform.routerRoot=app:89973:13), hint: , code: } @ http://localhost:8081/node_modules/expo-router/entry.bundle?platform=web&dev=true&hot=false&lazy=true&transform.routerRoot=app:901
[     959ms] [ERROR] Failed to load resource: net::ERR_NAME_NOT_RESOLVED @ https://zqubwvhstobaugifzoyb.supabase.co/rest/v1/companies?select=settings&id=eq.00000000-0000-0000-0000-000000000001:0
[    1233ms] [ERROR] Failed to load resource: net::ERR_NAME_NOT_RESOLVED @ https://zqubwvhstobaugifzoyb.supabase.co/rest/v1/categories?select=*&active=eq.true&company_id=eq.00000000-0000-0000-0000-000000000001&order=display_order.asc:0
[    1234ms] [ERROR] Failed to fetch categories: {message: TypeError: Failed to fetch, details: TypeError: Failed to fetch
    at http://localhost…lse&lazy=true&transform.routerRoot=app:198123:13), hint: , code: } @ http://localhost:8081/node_modules/expo-router/entry.bundle?platform=web&dev=true&hot=false&lazy=true&transform.routerRoot=app:901
[    2274ms] [ERROR] Failed to load resource: net::ERR_NAME_NOT_RESOLVED @ https://zqubwvhstobaugifzoyb.supabase.co/rest/v1/products?select=*&active=eq.true&company_id=eq.00000000-0000-0000-0000-000000000001&order=display_order.asc:0
[    2274ms] [ERROR] Failed to fetch products: {message: TypeError: Failed to fetch, details: TypeError: Failed to fetch
    at http://localhost…lse&lazy=true&transform.routerRoot=app:148684:13), hint: , code: } @ http://localhost:8081/node_modules/expo-router/entry.bundle?platform=web&dev=true&hot=false&lazy=true&transform.routerRoot=app:901
[    2349ms] [ERROR] Failed to load resource: net::ERR_NAME_NOT_RESOLVED @ https://zqubwvhstobaugifzoyb.supabase.co/rest/v1/categories?select=*&active=eq.true&company_id=eq.00000000-0000-0000-0000-000000000001&order=display_order.asc:0
[    2350ms] [ERROR] Failed to fetch categories: {message: TypeError: Failed to fetch, details: TypeError: Failed to fetch
    at http://localhost…lse&lazy=true&transform.routerRoot=app:198123:13), hint: , code: } @ http://localhost:8081/node_modules/expo-router/entry.bundle?platform=web&dev=true&hot=false&lazy=true&transform.routerRoot=app:901
[    4488ms] [ERROR] Failed to load resource: net::ERR_NAME_NOT_RESOLVED @ https://zqubwvhstobaugifzoyb.supabase.co/rest/v1/products?select=*&active=eq.true&company_id=eq.00000000-0000-0000-0000-000000000001&order=display_order.asc:0
[    4488ms] [ERROR] Failed to fetch products: {message: TypeError: Failed to fetch, details: TypeError: Failed to fetch
    at http://localhost…lse&lazy=true&transform.routerRoot=app:148684:13), hint: , code: } @ http://localhost:8081/node_modules/expo-router/entry.bundle?platform=web&dev=true&hot=false&lazy=true&transform.routerRoot=app:901
[    4488ms] [ERROR] Failed to load resource: net::ERR_NAME_NOT_RESOLVED @ https://zqubwvhstobaugifzoyb.supabase.co/rest/v1/categories?select=*&active=eq.true&company_id=eq.00000000-0000-0000-0000-000000000001&order=display_order.asc:0
[    4488ms] [ERROR] Failed to fetch categories: {message: TypeError: Failed to fetch, details: TypeError: Failed to fetch
    at http://localhost…lse&lazy=true&transform.routerRoot=app:198123:13), hint: , code: } @ http://localhost:8081/node_modules/expo-router/entry.bundle?platform=web&dev=true&hot=false&lazy=true&transform.routerRoot=app:901
[    8607ms] [ERROR] Failed to load resource: net::ERR_NAME_NOT_RESOLVED @ https://zqubwvhstobaugifzoyb.supabase.co/rest/v1/products?select=*&active=eq.true&company_id=eq.00000000-0000-0000-0000-000000000001&order=display_order.asc:0
[    8608ms] [ERROR] Failed to fetch products: {message: TypeError: Failed to fetch, details: TypeError: Failed to fetch
    at http://localhost…lse&lazy=true&transform.routerRoot=app:148684:13), hint: , code: } @ http://localhost:8081/node_modules/expo-router/entry.bundle?platform=web&dev=true&hot=false&lazy=true&transform.routerRoot=app:901
[    8608ms] [ERROR] Failed to load resource: net::ERR_NAME_NOT_RESOLVED @ https://zqubwvhstobaugifzoyb.supabase.co/rest/v1/categories?select=*&active=eq.true&company_id=eq.00000000-0000-0000-0000-000000000001&order=display_order.asc:0
[    8608ms] [ERROR] Failed to fetch categories: {message: TypeError: Failed to fetch, details: TypeError: Failed to fetch
    at http://localhost…lse&lazy=true&transform.routerRoot=app:198123:13), hint: , code: } @ http://localhost:8081/node_modules/expo-router/entry.bundle?platform=web&dev=true&hot=false&lazy=true&transform.routerRoot=app:901
[  494980ms] [ERROR] Failed to load resource: net::ERR_NAME_NOT_RESOLVED @ https://zqubwvhstobaugifzoyb.supabase.co/rest/v1/products?select=*&active=eq.true&company_id=eq.00000000-0000-0000-0000-000000000001&order=display_order.asc:0
[  494980ms] [ERROR] Failed to fetch products: {message: TypeError: Failed to fetch, details: TypeError: Failed to fetch
    at http://localhost…lse&lazy=true&transform.routerRoot=app:148684:13), hint: , code: } @ http://localhost:8081/node_modules/expo-router/entry.bundle?platform=web&dev=true&hot=false&lazy=true&transform.routerRoot=app:901
[  494980ms] [ERROR] Failed to load resource: net::ERR_NAME_NOT_RESOLVED @ https://zqubwvhstobaugifzoyb.supabase.co/rest/v1/categories?select=*&active=eq.true&company_id=eq.00000000-0000-0000-0000-000000000001&order=display_order.asc:0
[  494980ms] [ERROR] Failed to fetch categories: {message: TypeError: Failed to fetch, details: TypeError: Failed to fetch
    at http://localhost…lse&lazy=true&transform.routerRoot=app:198123:13), hint: , code: } @ http://localhost:8081/node_modules/expo-router/entry.bundle?platform=web&dev=true&hot=false&lazy=true&transform.routerRoot=app:901
[  496172ms] [ERROR] Failed to load resource: net::ERR_NAME_NOT_RESOLVED @ https://zqubwvhstobaugifzoyb.supabase.co/rest/v1/products?select=*&active=eq.true&company_id=eq.00000000-0000-0000-0000-000000000001&order=display_order.asc:0
[  496172ms] [ERROR] Failed to fetch products: {message: TypeError: Failed to fetch, details: TypeError: Failed to fetch
    at http://localhost…lse&lazy=true&transform.routerRoot=app:148684:13), hint: , code: } @ http://localhost:8081/node_modules/expo-router/entry.bundle?platform=web&dev=true&hot=false&lazy=true&transform.routerRoot=app:901
[  496172ms] [ERROR] Failed to load resource: net::ERR_NAME_NOT_RESOLVED @ https://zqubwvhstobaugifzoyb.supabase.co/rest/v1/categories?select=*&active=eq.true&company_id=eq.00000000-0000-0000-0000-000000000001&order=display_order.asc:0
[  496172ms] [ERROR] Failed to fetch categories: {message: TypeError: Failed to fetch, details: TypeError: Failed to fetch
    at http://localhost…lse&lazy=true&transform.routerRoot=app:198123:13), hint: , code: } @ http://localhost:8081/node_modules/expo-router/entry.bundle?platform=web&dev=true&hot=false&lazy=true&transform.routerRoot=app:901
[  498388ms] [ERROR] Failed to load resource: net::ERR_NAME_NOT_RESOLVED @ https://zqubwvhstobaugifzoyb.supabase.co/rest/v1/products?select=*&active=eq.true&company_id=eq.00000000-0000-0000-0000-000000000001&order=display_order.asc:0
[  498388ms] [ERROR] Failed to fetch products: {message: TypeError: Failed to fetch, details: TypeError: Failed to fetch
    at http://localhost…lse&lazy=true&transform.routerRoot=app:148684:13), hint: , code: } @ http://localhost:8081/node_modules/expo-router/entry.bundle?platform=web&dev=true&hot=false&lazy=true&transform.routerRoot=app:901
[  498388ms] [ERROR] Failed to load resource: net::ERR_NAME_NOT_RESOLVED @ https://zqubwvhstobaugifzoyb.supabase.co/rest/v1/categories?select=*&active=eq.true&company_id=eq.00000000-0000-0000-0000-000000000001&order=display_order.asc:0
[  498388ms] [ERROR] Failed to fetch categories: {message: TypeError: Failed to fetch, details: TypeError: Failed to fetch
    at http://localhost…lse&lazy=true&transform.routerRoot=app:198123:13), hint: , code: } @ http://localhost:8081/node_modules/expo-router/entry.bundle?platform=web&dev=true&hot=false&lazy=true&transform.routerRoot=app:901
[  502563ms] [ERROR] Failed to load resource: net::ERR_NAME_NOT_RESOLVED @ https://zqubwvhstobaugifzoyb.supabase.co/rest/v1/products?select=*&active=eq.true&company_id=eq.00000000-0000-0000-0000-000000000001&order=display_order.asc:0
[  502563ms] [ERROR] Failed to fetch products: {message: TypeError: Failed to fetch, details: TypeError: Failed to fetch
    at http://localhost…lse&lazy=true&transform.routerRoot=app:148684:13), hint: , code: } @ http://localhost:8081/node_modules/expo-router/entry.bundle?platform=web&dev=true&hot=false&lazy=true&transform.routerRoot=app:901
[  502563ms] [ERROR] Failed to load resource: net::ERR_NAME_NOT_RESOLVED @ https://zqubwvhstobaugifzoyb.supabase.co/rest/v1/categories?select=*&active=eq.true&company_id=eq.00000000-0000-0000-0000-000000000001&order=display_order.asc:0
[  502563ms] [ERROR] Failed to fetch categories: {message: TypeError: Failed to fetch, details: TypeError: Failed to fetch
    at http://localhost…lse&lazy=true&transform.routerRoot=app:198123:13), hint: , code: } @ http://localhost:8081/node_modules/expo-router/entry.bundle?platform=web&dev=true&hot=false&lazy=true&transform.routerRoot=app:901
[  502925ms] [ERROR] Failed to load resource: net::ERR_NAME_NOT_RESOLVED @ https://zqubwvhstobaugifzoyb.supabase.co/rest/v1/products?select=*&active=eq.true&company_id=eq.00000000-0000-0000-0000-000000000001&order=display_order.asc:0
[  502926ms] [ERROR] Failed to fetch products: {message: TypeError: Failed to fetch, details: TypeError: Failed to fetch
    at http://localhost…lse&lazy=true&transform.routerRoot=app:148684:13), hint: , code: } @ http://localhost:8081/node_modules/expo-router/entry.bundle?platform=web&dev=true&hot=false&lazy=true&transform.routerRoot=app:901
[  502926ms] [ERROR] Failed to load resource: net::ERR_NAME_NOT_RESOLVED @ https://zqubwvhstobaugifzoyb.supabase.co/rest/v1/categories?select=*&active=eq.true&company_id=eq.00000000-0000-0000-0000-000000000001&order=display_order.asc:0
[  502926ms] [ERROR] Failed to fetch categories: {message: TypeError: Failed to fetch, details: TypeError: Failed to fetch
    at http://localhost…lse&lazy=true&transform.routerRoot=app:198123:13), hint: , code: } @ http://localhost:8081/node_modules/expo-router/entry.bundle?platform=web&dev=true&hot=false&lazy=true&transform.routerRoot=app:901
[  504072ms] [ERROR] Failed to load resource: net::ERR_NAME_NOT_RESOLVED @ https://zqubwvhstobaugifzoyb.supabase.co/rest/v1/products?select=*&active=eq.true&company_id=eq.00000000-0000-0000-0000-000000000001&order=display_order.asc:0
[  504072ms] [ERROR] Failed to fetch products: {message: TypeError: Failed to fetch, details: TypeError: Failed to fetch
    at http://localhost…lse&lazy=true&transform.routerRoot=app:148684:13), hint: , code: } @ http://localhost:8081/node_modules/expo-router/entry.bundle?platform=web&dev=true&hot=false&lazy=true&transform.routerRoot=app:901
[  504072ms] [ERROR] Failed to load resource: net::ERR_NAME_NOT_RESOLVED @ https://zqubwvhstobaugifzoyb.supabase.co/rest/v1/categories?select=*&active=eq.true&company_id=eq.00000000-0000-0000-0000-000000000001&order=display_order.asc:0
[  504072ms] [ERROR] Failed to fetch categories: {message: TypeError: Failed to fetch, details: TypeError: Failed to fetch
    at http://localhost…lse&lazy=true&transform.routerRoot=app:198123:13), hint: , code: } @ http://localhost:8081/node_modules/expo-router/entry.bundle?platform=web&dev=true&hot=false&lazy=true&transform.routerRoot=app:901
[  506253ms] [ERROR] Failed to load resource: net::ERR_NAME_NOT_RESOLVED @ https://zqubwvhstobaugifzoyb.supabase.co/rest/v1/products?select=*&active=eq.true&company_id=eq.00000000-0000-0000-0000-000000000001&order=display_order.asc:0
[  506254ms] [ERROR] Failed to fetch products: {message: TypeError: Failed to fetch, details: TypeError: Failed to fetch
    at http://localhost…lse&lazy=true&transform.routerRoot=app:148684:13), hint: , code: } @ http://localhost:8081/node_modules/expo-router/entry.bundle?platform=web&dev=true&hot=false&lazy=true&transform.routerRoot=app:901
[  506254ms] [ERROR] Failed to load resource: net::ERR_NAME_NOT_RESOLVED @ https://zqubwvhstobaugifzoyb.supabase.co/rest/v1/categories?select=*&active=eq.true&company_id=eq.00000000-0000-0000-0000-000000000001&order=display_order.asc:0
[  506254ms] [ERROR] Failed to fetch categories: {message: TypeError: Failed to fetch, details: TypeError: Failed to fetch
    at http://localhost…lse&lazy=true&transform.routerRoot=app:198123:13), hint: , code: } @ http://localhost:8081/node_modules/expo-router/entry.bundle?platform=web&dev=true&hot=false&lazy=true&transform.routerRoot=app:901
[  510410ms] [ERROR] Failed to load resource: net::ERR_NAME_NOT_RESOLVED @ https://zqubwvhstobaugifzoyb.supabase.co/rest/v1/products?select=*&active=eq.true&company_id=eq.00000000-0000-0000-0000-000000000001&order=display_order.asc:0
[  510410ms] [ERROR] Failed to fetch products: {message: TypeError: Failed to fetch, details: TypeError: Failed to fetch
    at http://localhost…lse&lazy=true&transform.routerRoot=app:148684:13), hint: , code: } @ http://localhost:8081/node_modules/expo-router/entry.bundle?platform=web&dev=true&hot=false&lazy=true&transform.routerRoot=app:901
[  510411ms] [ERROR] Failed to load resource: net::ERR_NAME_NOT_RESOLVED @ https://zqubwvhstobaugifzoyb.supabase.co/rest/v1/categories?select=*&active=eq.true&company_id=eq.00000000-0000-0000-0000-000000000001&order=display_order.asc:0
[  510411ms] [ERROR] Failed to fetch categories: {message: TypeError: Failed to fetch, details: TypeError: Failed to fetch
    at http://localhost…lse&lazy=true&transform.routerRoot=app:198123:13), hint: , code: } @ http://localhost:8081/node_modules/expo-router/entry.bundle?platform=web&dev=true&hot=false&lazy=true&transform.routerRoot=app:901
[  810266ms] [LOG] Profile found: admin @ http://localhost:8081/node_modules/expo-router/entry.bundle?platform=web&dev=true&hot=false&lazy=true&transform.routerRoot=app:89979
[  810445ms] [LOG] Profile found: admin @ http://localhost:8081/node_modules/expo-router/entry.bundle?platform=web&dev=true&hot=false&lazy=true&transform.routerRoot=app:89979
[  835561ms] [LOG] Profile found: admin @ http://localhost:8081/node_modules/expo-router/entry.bundle?platform=web&dev=true&hot=false&lazy=true&transform.routerRoot=app:89979
[  835666ms] [LOG] Profile found: admin @ http://localhost:8081/node_modules/expo-router/entry.bundle?platform=web&dev=true&hot=false&lazy=true&transform.routerRoot=app:89979
[  871120ms] [LOG] [OfflineQueue] Offline event detected @ http://localhost:8081/node_modules/expo-router/entry.bundle?platform=web&dev=true&hot=false&lazy=true&transform.routerRoot=app:198593
[  871391ms] [LOG] [OfflineQueue] Online event, triggering sync... @ http://localhost:8081/node_modules/expo-router/entry.bundle?platform=web&dev=true&hot=false&lazy=true&transform.routerRoot=app:198589
[  871392ms] [LOG] [OfflineQueue] Connection restored, triggering sync... @ http://localhost:8081/node_modules/expo-router/entry.bundle?platform=web&dev=true&hot=false&lazy=true&transform.routerRoot=app:198580
[ 2221317ms] [LOG] Profile found: admin @ http://localhost:8081/node_modules/expo-router/entry.bundle?platform=web&dev=true&hot=false&lazy=true&transform.routerRoot=app:89979
[ 5458690ms] [ERROR] Failed to load resource: net::ERR_CONNECTION_CLOSED @ https://zqubwvhstobaugifzoyb.supabase.co/rest/v1/orders?select=id%2Cdisplay_code%2Ccustomer_name%2Ccustomer_phone%2Ctotal_amount%2Corder_type%2Cdelivery_address%2Ctable_number%2Ccreated_at&company_id=eq.00000000-0000-0000-0000-000000000001&status=eq.pending&order=created_at.asc&limit=20:0
[ 5458691ms] [ERROR] [OrderNotification] pending fetch failed: {message: TypeError: Failed to fetch, details: TypeError: Failed to fetch
    at http://localhost…alse&lazy=true&transform.routerRoot=app:203394:26, hint: , code: } @ http://localhost:8081/node_modules/expo-router/entry.bundle?platform=web&dev=true&hot=false&lazy=true&transform.routerRoot=app:901
[ 5548700ms] [ERROR] WebSocket connection to 'wss://zqubwvhstobaugifzoyb.supabase.co/realtime/v1/websocket?apikey=eyJhbGciOiJIUzI1NiIsInR5cCI6IkpXVCJ9.eyJpc3MiOiJzdXBhYmFzZSIsInJlZiI6InpxdWJ3dmhzdG9iYXVnaWZ6b3liIiwicm9sZSI6ImFub24iLCJpYXQiOjE3Njg0MDg3OTksImV4cCI6MjA4Mzk4NDc5OX0.IWQDg4CNo8UHVMkFhXVkDG1O1IxoADpMX938kapr-SE&vsn=1.0.0' failed: WebSocket opening handshake timed out @ http://localhost:8081/node_modules/expo-router/entry.bundle?platform=web&dev=true&hot=false&lazy=true&transform.routerRoot=app:99787
[ 5679157ms] [LOG] [OfflineQueue] Offline event detected @ http://localhost:8081/node_modules/expo-router/entry.bundle?platform=web&dev=true&hot=false&lazy=true&transform.routerRoot=app:198593
[ 5682391ms] [LOG] [OfflineQueue] Online event, triggering sync... @ http://localhost:8081/node_modules/expo-router/entry.bundle?platform=web&dev=true&hot=false&lazy=true&transform.routerRoot=app:198589
[ 5682391ms] [LOG] [OfflineQueue] Connection restored, triggering sync... @ http://localhost:8081/node_modules/expo-router/entry.bundle?platform=web&dev=true&hot=false&lazy=true&transform.routerRoot=app:198580
[ 5682442ms] [ERROR] Failed to load resource: net::ERR_ADDRESS_UNREACHABLE @ https://zqubwvhstobaugifzoyb.supabase.co/rest/v1/orders?select=id%2Cdisplay_code%2Ccustomer_name%2Ccustomer_phone%2Ctotal_amount%2Corder_type%2Cdelivery_address%2Ctable_number%2Ccreated_at&company_id=eq.00000000-0000-0000-0000-000000000001&status=eq.pending&order=created_at.asc&limit=20:0
[ 5682442ms] [ERROR] [OrderNotification] pending fetch failed: {message: TypeError: Failed to fetch, details: TypeError: Failed to fetch
    at http://localhost…alse&lazy=true&transform.routerRoot=app:203394:26, hint: , code: } @ http://localhost:8081/node_modules/expo-router/entry.bundle?platform=web&dev=true&hot=false&lazy=true&transform.routerRoot=app:901
[ 5682442ms] [ERROR] Failed to load resource: net::ERR_ADDRESS_UNREACHABLE @ https://zqubwvhstobaugifzoyb.supabase.co/rest/v1/orders?select=id%2Cdisplay_code%2Ccustomer_name%2Ccustomer_phone%2Ctotal_amount%2Corder_type%2Cdelivery_address%2Ctable_number%2Ccreated_at&company_id=eq.00000000-0000-0000-0000-000000000001&status=eq.pending&order=created_at.asc&limit=20:0
[ 5682442ms] [ERROR] [OrderNotification] pending fetch failed: {message: TypeError: Failed to fetch, details: TypeError: Failed to fetch
    at http://localhost…alse&lazy=true&transform.routerRoot=app:203394:26, hint: , code: } @ http://localhost:8081/node_modules/expo-router/entry.bundle?platform=web&dev=true&hot=false&lazy=true&transform.routerRoot=app:901
[ 5682442ms] [ERROR] Failed to load resource: net::ERR_ADDRESS_UNREACHABLE @ https://zqubwvhstobaugifzoyb.supabase.co/rest/v1/orders?select=id%2Cdisplay_code%2Ccustomer_name%2Ccustomer_phone%2Ctotal_amount%2Corder_type%2Cdelivery_address%2Ctable_number%2Ccreated_at&company_id=eq.00000000-0000-0000-0000-000000000001&status=eq.pending&order=created_at.asc&limit=20:0
[ 5682442ms] [ERROR] [OrderNotification] pending fetch failed: {message: TypeError: Failed to fetch, details: TypeError: Failed to fetch
    at http://localhost…alse&lazy=true&transform.routerRoot=app:203394:26, hint: , code: } @ http://localhost:8081/node_modules/expo-router/entry.bundle?platform=web&dev=true&hot=false&lazy=true&transform.routerRoot=app:901
[ 5704609ms] [LOG] [OfflineQueue] Offline event detected @ http://localhost:8081/node_modules/expo-router/entry.bundle?platform=web&dev=true&hot=false&lazy=true&transform.routerRoot=app:198593
[ 5709059ms] [LOG] [OfflineQueue] Online event, triggering sync... @ http://localhost:8081/node_modules/expo-router/entry.bundle?platform=web&dev=true&hot=false&lazy=true&transform.routerRoot=app:198589
[ 5709059ms] [LOG] [OfflineQueue] Connection restored, triggering sync... @ http://localhost:8081/node_modules/expo-router/entry.bundle?platform=web&dev=true&hot=false&lazy=true&transform.routerRoot=app:198580
[ 5712479ms] [LOG] Profile found: admin @ http://localhost:8081/node_modules/expo-router/entry.bundle?platform=web&dev=true&hot=false&lazy=true&transform.routerRoot=app:89979
[ 5715580ms] [LOG] [OfflineQueue] Offline event detected @ http://localhost:8081/node_modules/expo-router/entry.bundle?platform=web&dev=true&hot=false&lazy=true&transform.routerRoot=app:198593
[ 5728605ms] [LOG] [OfflineQueue] Online event, triggering sync... @ http://localhost:8081/node_modules/expo-router/entry.bundle?platform=web&dev=true&hot=false&lazy=true&transform.routerRoot=app:198589
[ 5728605ms] [LOG] [OfflineQueue] Connection restored, triggering sync... @ http://localhost:8081/node_modules/expo-router/entry.bundle?platform=web&dev=true&hot=false&lazy=true&transform.routerRoot=app:198580
[ 5731136ms] [LOG] [OfflineQueue] Offline event detected @ http://localhost:8081/node_modules/expo-router/entry.bundle?platform=web&dev=true&hot=false&lazy=true&transform.routerRoot=app:198593
[ 5743444ms] [LOG] [OfflineQueue] Online event, triggering sync... @ http://localhost:8081/node_modules/expo-router/entry.bundle?platform=web&dev=true&hot=false&lazy=true&transform.routerRoot=app:198589
[ 5743444ms] [LOG] [OfflineQueue] Connection restored, triggering sync... @ http://localhost:8081/node_modules/expo-router/entry.bundle?platform=web&dev=true&hot=false&lazy=true&transform.routerRoot=app:198580
[ 5745471ms] [LOG] [OfflineQueue] Offline event detected @ http://localhost:8081/node_modules/expo-router/entry.bundle?platform=web&dev=true&hot=false&lazy=true&transform.routerRoot=app:198593
[ 5753723ms] [LOG] [OfflineQueue] Online event, triggering sync... @ http://localhost:8081/node_modules/expo-router/entry.bundle?platform=web&dev=true&hot=false&lazy=true&transform.routerRoot=app:198589
[ 5753724ms] [LOG] [OfflineQueue] Connection restored, triggering sync... @ http://localhost:8081/node_modules/expo-router/entry.bundle?platform=web&dev=true&hot=false&lazy=true&transform.routerRoot=app:198580
[ 5780570ms] [LOG] [OfflineQueue] Offline event detected @ http://localhost:8081/node_modules/expo-router/entry.bundle?platform=web&dev=true&hot=false&lazy=true&transform.routerRoot=app:198593
[ 5798439ms] [ERROR] Failed to load resource: net::ERR_INTERNET_DISCONNECTED @ https://zqubwvhstobaugifzoyb.supabase.co/rest/v1/orders?select=id%2Cdisplay_code%2Ccustomer_name%2Ccustomer_phone%2Ctotal_amount%2Corder_type%2Cdelivery_address%2Ctable_number%2Ccreated_at&company_id=eq.00000000-0000-0000-0000-000000000001&status=eq.pending&order=created_at.asc&limit=20:0
[ 5798439ms] [ERROR] [OrderNotification] pending fetch failed: {message: TypeError: Failed to fetch, details: TypeError: Failed to fetch
    at http://localhost…alse&lazy=true&transform.routerRoot=app:203394:26, hint: , code: } @ http://localhost:8081/node_modules/expo-router/entry.bundle?platform=web&dev=true&hot=false&lazy=true&transform.routerRoot=app:901
[ 5798440ms] [ERROR] Failed to load resource: net::ERR_INTERNET_DISCONNECTED @ https://zqubwvhstobaugifzoyb.supabase.co/rest/v1/orders?select=id%2Cdisplay_code%2Ccustomer_name%2Ccustomer_phone%2Ctotal_amount%2Corder_type%2Cdelivery_address%2Ctable_number%2Ccreated_at&company_id=eq.00000000-0000-0000-0000-000000000001&status=eq.pending&order=created_at.asc&limit=20:0
[ 5798440ms] [ERROR] [OrderNotification] pending fetch failed: {message: TypeError: Failed to fetch, details: TypeError: Failed to fetch
    at http://localhost…alse&lazy=true&transform.routerRoot=app:203394:26, hint: , code: } @ http://localhost:8081/node_modules/expo-router/entry.bundle?platform=web&dev=true&hot=false&lazy=true&transform.routerRoot=app:901
[ 5798441ms] [ERROR] Failed to load resource: net::ERR_INTERNET_DISCONNECTED @ https://zqubwvhstobaugifzoyb.supabase.co/rest/v1/orders?select=id%2Cdisplay_code%2Ccustomer_name%2Ccustomer_phone%2Ctotal_amount%2Corder_type%2Cdelivery_address%2Ctable_number%2Ccreated_at&company_id=eq.00000000-0000-0000-0000-000000000001&status=eq.pending&order=created_at.asc&limit=20:0
[ 5798441ms] [ERROR] [OrderNotification] pending fetch failed: {message: TypeError: Failed to fetch, details: TypeError: Failed to fetch
    at http://localhost…alse&lazy=true&transform.routerRoot=app:203394:26, hint: , code: } @ http://localhost:8081/node_modules/expo-router/entry.bundle?platform=web&dev=true&hot=false&lazy=true&transform.routerRoot=app:901
[ 5805606ms] [ERROR] Failed to load resource: net::ERR_INTERNET_DISCONNECTED @ https://zqubwvhstobaugifzoyb.supabase.co/rest/v1/orders?select=id%2Cdisplay_code%2Ccustomer_name%2Ccustomer_phone%2Ctotal_amount%2Corder_type%2Cdelivery_address%2Ctable_number%2Ccreated_at&company_id=eq.00000000-0000-0000-0000-000000000001&status=eq.pending&order=created_at.asc&limit=20:0
[ 5805606ms] [ERROR] [OrderNotification] pending fetch failed: {message: TypeError: Failed to fetch, details: TypeError: Failed to fetch
    at http://localhost…alse&lazy=true&transform.routerRoot=app:203394:26, hint: , code: } @ http://localhost:8081/node_modules/expo-router/entry.bundle?platform=web&dev=true&hot=false&lazy=true&transform.routerRoot=app:901
[ 5813270ms] [ERROR] WebSocket connection to 'wss://zqubwvhstobaugifzoyb.supabase.co/realtime/v1/websocket?apikey=eyJhbGciOiJIUzI1NiIsInR5cCI6IkpXVCJ9.eyJpc3MiOiJzdXBhYmFzZSIsInJlZiI6InpxdWJ3dmhzdG9iYXVnaWZ6b3liIiwicm9sZSI6ImFub24iLCJpYXQiOjE3Njg0MDg3OTksImV4cCI6MjA4Mzk4NDc5OX0.IWQDg4CNo8UHVMkFhXVkDG1O1IxoADpMX938kapr-SE&vsn=1.0.0' failed: Error in connection establishment: net::ERR_INTERNET_DISCONNECTED @ http://localhost:8081/node_modules/expo-router/entry.bundle?platform=web&dev=true&hot=false&lazy=true&transform.routerRoot=app:99787
[ 5813272ms] [ERROR] Failed to load resource: net::ERR_INTERNET_DISCONNECTED @ https://zqubwvhstobaugifzoyb.supabase.co/rest/v1/orders?select=id%2Cdisplay_code%2Ccustomer_name%2Ccustomer_phone%2Ctotal_amount%2Corder_type%2Cdelivery_address%2Ctable_number%2Ccreated_at&company_id=eq.00000000-0000-0000-0000-000000000001&status=eq.pending&order=created_at.asc&limit=20:0
[ 5813273ms] [ERROR] [OrderNotification] pending fetch failed: {message: TypeError: Failed to fetch, details: TypeError: Failed to fetch
    at http://localhost…alse&lazy=true&transform.routerRoot=app:203394:26, hint: , code: } @ http://localhost:8081/node_modules/expo-router/entry.bundle?platform=web&dev=true&hot=false&lazy=true&transform.routerRoot=app:901
[ 5813273ms] [ERROR] Failed to load resource: net::ERR_INTERNET_DISCONNECTED @ https://zqubwvhstobaugifzoyb.supabase.co/rest/v1/orders?select=id%2Cdisplay_code%2Ccustomer_name%2Ccustomer_phone%2Ctotal_amount%2Corder_type%2Cdelivery_address%2Ctable_number%2Ccreated_at&company_id=eq.00000000-0000-0000-0000-000000000001&status=eq.pending&order=created_at.asc&limit=20:0
[ 5813273ms] [ERROR] [OrderNotification] pending fetch failed: {message: TypeError: Failed to fetch, details: TypeError: Failed to fetch
    at http://localhost…alse&lazy=true&transform.routerRoot=app:203394:26, hint: , code: } @ http://localhost:8081/node_modules/expo-router/entry.bundle?platform=web&dev=true&hot=false&lazy=true&transform.routerRoot=app:901
[ 5815284ms] [ERROR] WebSocket connection to 'wss://zqubwvhstobaugifzoyb.supabase.co/realtime/v1/websocket?apikey=eyJhbGciOiJIUzI1NiIsInR5cCI6IkpXVCJ9.eyJpc3MiOiJzdXBhYmFzZSIsInJlZiI6InpxdWJ3dmhzdG9iYXVnaWZ6b3liIiwicm9sZSI6ImFub24iLCJpYXQiOjE3Njg0MDg3OTksImV4cCI6MjA4Mzk4NDc5OX0.IWQDg4CNo8UHVMkFhXVkDG1O1IxoADpMX938kapr-SE&vsn=1.0.0' failed: Error in connection establishment: net::ERR_INTERNET_DISCONNECTED @ http://localhost:8081/node_modules/expo-router/entry.bundle?platform=web&dev=true&hot=false&lazy=true&transform.routerRoot=app:99787
[ 5815287ms] [ERROR] Failed to load resource: net::ERR_INTERNET_DISCONNECTED @ https://zqubwvhstobaugifzoyb.supabase.co/rest/v1/orders?select=id%2Cdisplay_code%2Ccustomer_name%2Ccustomer_phone%2Ctotal_amount%2Corder_type%2Cdelivery_address%2Ctable_number%2Ccreated_at&company_id=eq.00000000-0000-0000-0000-000000000001&status=eq.pending&order=created_at.asc&limit=20:0
[ 5815287ms] [ERROR] [OrderNotification] pending fetch failed: {message: TypeError: Failed to fetch, details: TypeError: Failed to fetch
    at http://localhost…alse&lazy=true&transform.routerRoot=app:203394:26, hint: , code: } @ http://localhost:8081/node_modules/expo-router/entry.bundle?platform=web&dev=true&hot=false&lazy=true&transform.routerRoot=app:901
[ 5815287ms] [ERROR] Failed to load resource: net::ERR_INTERNET_DISCONNECTED @ https://zqubwvhstobaugifzoyb.supabase.co/rest/v1/orders?select=id%2Cdisplay_code%2Ccustomer_name%2Ccustomer_phone%2Ctotal_amount%2Corder_type%2Cdelivery_address%2Ctable_number%2Ccreated_at&company_id=eq.00000000-0000-0000-0000-000000000001&status=eq.pending&order=created_at.asc&limit=20:0
[ 5815287ms] [ERROR] [OrderNotification] pending fetch failed: {message: TypeError: Failed to fetch, details: TypeError: Failed to fetch
    at http://localhost…alse&lazy=true&transform.routerRoot=app:203394:26, hint: , code: } @ http://localhost:8081/node_modules/expo-router/entry.bundle?platform=web&dev=true&hot=false&lazy=true&transform.routerRoot=app:901
[ 5815606ms] [ERROR] Failed to load resource: net::ERR_INTERNET_DISCONNECTED @ https://zqubwvhstobaugifzoyb.supabase.co/rest/v1/orders?select=id%2Cdisplay_code%2Ccustomer_name%2Ccustomer_phone%2Ctotal_amount%2Corder_type%2Cdelivery_address%2Ctable_number%2Ccreated_at&company_id=eq.00000000-0000-0000-0000-000000000001&status=eq.pending&order=created_at.asc&limit=20:0
[ 5815606ms] [ERROR] [OrderNotification] pending fetch failed: {message: TypeError: Failed to fetch, details: TypeError: Failed to fetch
    at http://localhost…alse&lazy=true&transform.routerRoot=app:203394:26, hint: , code: } @ http://localhost:8081/node_modules/expo-router/entry.bundle?platform=web&dev=true&hot=false&lazy=true&transform.routerRoot=app:901
[ 5820059ms] [ERROR] Failed to load resource: net::ERR_INTERNET_DISCONNECTED @ https://zqubwvhstobaugifzoyb.supabase.co/rest/v1/orders?select=id%2Cdisplay_code%2Ccustomer_name%2Ccustomer_phone%2Ctotal_amount%2Corder_type%2Cdelivery_address%2Ctable_number%2Ccreated_at&company_id=eq.00000000-0000-0000-0000-000000000001&status=eq.pending&order=created_at.asc&limit=20:0
[ 5820059ms] [ERROR] [OrderNotification] pending fetch failed: {message: TypeError: Failed to fetch, details: TypeError: Failed to fetch
    at http://localhost…alse&lazy=true&transform.routerRoot=app:203394:26, hint: , code: } @ http://localhost:8081/node_modules/expo-router/entry.bundle?platform=web&dev=true&hot=false&lazy=true&transform.routerRoot=app:901
[ 5825069ms] [ERROR] WebSocket connection to 'wss://zqubwvhstobaugifzoyb.supabase.co/realtime/v1/websocket?apikey=eyJhbGciOiJIUzI1NiIsInR5cCI6IkpXVCJ9.eyJpc3MiOiJzdXBhYmFzZSIsInJlZiI6InpxdWJ3dmhzdG9iYXVnaWZ6b3liIiwicm9sZSI6ImFub24iLCJpYXQiOjE3Njg0MDg3OTksImV4cCI6MjA4Mzk4NDc5OX0.IWQDg4CNo8UHVMkFhXVkDG1O1IxoADpMX938kapr-SE&vsn=1.0.0' failed: Error in connection establishment: net::ERR_INTERNET_DISCONNECTED @ http://localhost:8081/node_modules/expo-router/entry.bundle?platform=web&dev=true&hot=false&lazy=true&transform.routerRoot=app:99787
[ 5825071ms] [ERROR] Failed to load resource: net::ERR_INTERNET_DISCONNECTED @ https://zqubwvhstobaugifzoyb.supabase.co/rest/v1/orders?select=id%2Cdisplay_code%2Ccustomer_name%2Ccustomer_phone%2Ctotal_amount%2Corder_type%2Cdelivery_address%2Ctable_number%2Ccreated_at&company_id=eq.00000000-0000-0000-0000-000000000001&status=eq.pending&order=created_at.asc&limit=20:0
[ 5825071ms] [ERROR] [OrderNotification] pending fetch failed: {message: TypeError: Failed to fetch, details: TypeError: Failed to fetch
    at http://localhost…alse&lazy=true&transform.routerRoot=app:203394:26, hint: , code: } @ http://localhost:8081/node_modules/expo-router/entry.bundle?platform=web&dev=true&hot=false&lazy=true&transform.routerRoot=app:901
[ 5825072ms] [ERROR] Failed to load resource: net::ERR_INTERNET_DISCONNECTED @ https://zqubwvhstobaugifzoyb.supabase.co/rest/v1/orders?select=id%2Cdisplay_code%2Ccustomer_name%2Ccustomer_phone%2Ctotal_amount%2Corder_type%2Cdelivery_address%2Ctable_number%2Ccreated_at&company_id=eq.00000000-0000-0000-0000-000000000001&status=eq.pending&order=created_at.asc&limit=20:0
[ 5825072ms] [ERROR] [OrderNotification] pending fetch failed: {message: TypeError: Failed to fetch, details: TypeError: Failed to fetch
    at http://localhost…alse&lazy=true&transform.routerRoot=app:203394:26, hint: , code: } @ http://localhost:8081/node_modules/expo-router/entry.bundle?platform=web&dev=true&hot=false&lazy=true&transform.routerRoot=app:901
[ 5825605ms] [ERROR] Failed to load resource: net::ERR_INTERNET_DISCONNECTED @ https://zqubwvhstobaugifzoyb.supabase.co/rest/v1/orders?select=id%2Cdisplay_code%2Ccustomer_name%2Ccustomer_phone%2Ctotal_amount%2Corder_type%2Cdelivery_address%2Ctable_number%2Ccreated_at&company_id=eq.00000000-0000-0000-0000-000000000001&status=eq.pending&order=created_at.asc&limit=20:0
[ 5825605ms] [ERROR] [OrderNotification] pending fetch failed: {message: TypeError: Failed to fetch, details: TypeError: Failed to fetch
    at http://localhost…alse&lazy=true&transform.routerRoot=app:203394:26, hint: , code: } @ http://localhost:8081/node_modules/expo-router/entry.bundle?platform=web&dev=true&hot=false&lazy=true&transform.routerRoot=app:901
[ 5828878ms] [LOG] [OfflineQueue] Online event, triggering sync... @ http://localhost:8081/node_modules/expo-router/entry.bundle?platform=web&dev=true&hot=false&lazy=true&transform.routerRoot=app:198589
[ 5828878ms] [LOG] [OfflineQueue] Connection restored, triggering sync... @ http://localhost:8081/node_modules/expo-router/entry.bundle?platform=web&dev=true&hot=false&lazy=true&transform.routerRoot=app:198580
[ 6136449ms] [LOG] [OfflineQueue] Offline event detected @ http://localhost:8081/node_modules/expo-router/entry.bundle?platform=web&dev=true&hot=false&lazy=true&transform.routerRoot=app:198593
[ 6144834ms] [LOG] [OfflineQueue] Online event, triggering sync... @ http://localhost:8081/node_modules/expo-router/entry.bundle?platform=web&dev=true&hot=false&lazy=true&transform.routerRoot=app:198589
[ 6144834ms] [LOG] [OfflineQueue] Connection restored, triggering sync... @ http://localhost:8081/node_modules/expo-router/entry.bundle?platform=web&dev=true&hot=false&lazy=true&transform.routerRoot=app:198580
