[     456ms] [INFO] %cDownload the React DevTools for a better development experience: https://react.dev/link/react-devtools font-weight:bold @ http://localhost:8081/node_modules/expo-router/entry.bundle?platform=web&dev=true&hot=false&lazy=true&transform.routerRoot=app:17348
[     475ms] [LOG] Running application "main" with appParams:
 {rootTag: #root, hydrate: undefined} 
Development-level warnings: ON.
Performance optimizations: OFF. @ http://localhost:8081/node_modules/expo-router/entry.bundle?platform=web&dev=true&hot=false&lazy=true&transform.routerRoot=app:40281
[     501ms] [WARNING] [expo-av]: Expo AV has been deprecated and will be removed in SDK 54. Use the `expo-audio` and `expo-video` packages to replace the required functionality. @ http://localhost:8081/node_modules/expo-router/entry.bundle?platform=web&dev=true&hot=false&lazy=true&transform.routerRoot=app:199202
[     539ms] [WARNING] props.pointerEvents is deprecated. Use style.pointerEvents @ http://localhost:8081/node_modules/expo-router/entry.bundle?platform=web&dev=true&hot=false&lazy=true&transform.routerRoot=app:23886
[     912ms] [LOG] Profile found: admin @ http://localhost:8081/node_modules/expo-router/entry.bundle?platform=web&dev=true&hot=false&lazy=true&transform.routerRoot=app:89979
[    1125ms] [LOG] Profile found: admin @ http://localhost:8081/node_modules/expo-router/entry.bundle?platform=web&dev=true&hot=false&lazy=true&transform.routerRoot=app:89979
[  370035ms] [LOG] ✅ Order status updated: f576eafc-d91e-4a62-bb40-115d05587a49 → preparing @ http://localhost:8081/node_modules/expo-router/entry.bundle?platform=web&dev=true&hot=false&lazy=true&transform.routerRoot=app:146293
[  666155ms] [LOG] ✅ Order status updated: 7d3e2aba-a827-4d28-af73-4e1b673551e4 → preparing @ http://localhost:8081/node_modules/expo-router/entry.bundle?platform=web&dev=true&hot=false&lazy=true&transform.routerRoot=app:146293
[  866596ms] [ERROR] Failed to load resource: net::ERR_NAME_NOT_RESOLVED @ https://zqubwvhstobaugifzoyb.supabase.co/rest/v1/orders?select=id%2Cdisplay_code%2Ccustomer_name%2Ccustomer_phone%2Ctotal_amount%2Corder_type%2Cdelivery_address%2Ctable_number%2Ccreated_at&company_id=eq.00000000-0000-0000-0000-000000000001&status=eq.pending&order=created_at.asc&limit=20:0
[  866597ms] [ERROR] [OrderNotification] pending fetch failed: {message: TypeError: Failed to fetch, details: TypeError: Failed to fetch
    at http://localhost…alse&lazy=true&transform.routerRoot=app:203364:26, hint: , code: } @ http://localhost:8081/node_modules/expo-router/entry.bundle?platform=web&dev=true&hot=false&lazy=true&transform.routerRoot=app:901
[  866632ms] [ERROR] Failed to load resource: net::ERR_NAME_NOT_RESOLVED @ https://zqubwvhstobaugifzoyb.supabase.co/rest/v1/orders?select=id%2Cdisplay_code%2Ccustomer_name%2Ccustomer_phone%2Ctotal_amount%2Corder_type%2Cdelivery_address%2Ctable_number%2Ccreated_at&company_id=eq.00000000-0000-0000-0000-000000000001&status=eq.pending&order=created_at.asc&limit=20:0
[  866632ms] [ERROR] [OrderNotification] pending fetch failed: {message: TypeError: Failed to fetch, details: TypeError: Failed to fetch
    at http://localhost…alse&lazy=true&transform.routerRoot=app:203364:26, hint: , code: } @ http://localhost:8081/node_modules/expo-router/entry.bundle?platform=web&dev=true&hot=false&lazy=true&transform.routerRoot=app:901
[  870993ms] [ERROR] Failed to load resource: net::ERR_NAME_NOT_RESOLVED @ https://zqubwvhstobaugifzoyb.supabase.co/rest/v1/orders?select=id%2Cdisplay_code%2Ccustomer_name%2Ccustomer_phone%2Ctotal_amount%2Corder_type%2Cdelivery_address%2Ctable_number%2Ccreated_at&company_id=eq.00000000-0000-0000-0000-000000000001&status=eq.pending&order=created_at.asc&limit=20:0
[  870993ms] [ERROR] [OrderNotification] pending fetch failed: {message: TypeError: Failed to fetch, details: TypeError: Failed to fetch
    at http://localhost…alse&lazy=true&transform.routerRoot=app:203364:26, hint: , code: } @ http://localhost:8081/node_modules/expo-router/entry.bundle?platform=web&dev=true&hot=false&lazy=true&transform.routerRoot=app:901
[  877784ms] [ERROR] WebSocket connection to 'wss://zqubwvhstobaugifzoyb.supabase.co/realtime/v1/websocket?apikey=eyJhbGciOiJIUzI1NiIsInR5cCI6IkpXVCJ9.eyJpc3MiOiJzdXBhYmFzZSIsInJlZiI6InpxdWJ3dmhzdG9iYXVnaWZ6b3liIiwicm9sZSI6ImFub24iLCJpYXQiOjE3Njg0MDg3OTksImV4cCI6MjA4Mzk4NDc5OX0.IWQDg4CNo8UHVMkFhXVkDG1O1IxoADpMX938kapr-SE&vsn=1.0.0' failed: Error in connection establishment: net::ERR_NAME_NOT_RESOLVED @ http://localhost:8081/node_modules/expo-router/entry.bundle?platform=web&dev=true&hot=false&lazy=true&transform.routerRoot=app:99787
[  877817ms] [ERROR] Failed to load resource: net::ERR_NAME_NOT_RESOLVED @ https://zqubwvhstobaugifzoyb.supabase.co/rest/v1/orders?select=id%2Cdisplay_code%2Ccustomer_name%2Ccustomer_phone%2Ctotal_amount%2Corder_type%2Cdelivery_address%2Ctable_number%2Ccreated_at&company_id=eq.00000000-0000-0000-0000-000000000001&status=eq.pending&order=created_at.asc&limit=20:0
[  877817ms] [ERROR] [OrderNotification] pending fetch failed: {message: TypeError: Failed to fetch, details: TypeError: Failed to fetch
    at http://localhost…alse&lazy=true&transform.routerRoot=app:203364:26, hint: , code: } @ http://localhost:8081/node_modules/expo-router/entry.bundle?platform=web&dev=true&hot=false&lazy=true&transform.routerRoot=app:901
[  877856ms] [ERROR] Failed to load resource: net::ERR_NAME_NOT_RESOLVED @ https://zqubwvhstobaugifzoyb.supabase.co/rest/v1/orders?select=id%2Cdisplay_code%2Ccustomer_name%2Ccustomer_phone%2Ctotal_amount%2Corder_type%2Cdelivery_address%2Ctable_number%2Ccreated_at&company_id=eq.00000000-0000-0000-0000-000000000001&status=eq.pending&order=created_at.asc&limit=20:0
[  877856ms] [ERROR] [OrderNotification] pending fetch failed: {message: TypeError: Failed to fetch, details: TypeError: Failed to fetch
    at http://localhost…alse&lazy=true&transform.routerRoot=app:203364:26, hint: , code: } @ http://localhost:8081/node_modules/expo-router/entry.bundle?platform=web&dev=true&hot=false&lazy=true&transform.routerRoot=app:901
[  880518ms] [ERROR] WebSocket connection to 'wss://zqubwvhstobaugifzoyb.supabase.co/realtime/v1/websocket?apikey=eyJhbGciOiJIUzI1NiIsInR5cCI6IkpXVCJ9.eyJpc3MiOiJzdXBhYmFzZSIsInJlZiI6InpxdWJ3dmhzdG9iYXVnaWZ6b3liIiwicm9sZSI6ImFub24iLCJpYXQiOjE3Njg0MDg3OTksImV4cCI6MjA4Mzk4NDc5OX0.IWQDg4CNo8UHVMkFhXVkDG1O1IxoADpMX938kapr-SE&vsn=1.0.0' failed: Error in connection establishment: net::ERR_NAME_NOT_RESOLVED @ http://localhost:8081/node_modules/expo-router/entry.bundle?platform=web&dev=true&hot=false&lazy=true&transform.routerRoot=app:99787
[  880621ms] [ERROR] Failed to load resource: net::ERR_NAME_NOT_RESOLVED @ https://zqubwvhstobaugifzoyb.supabase.co/rest/v1/orders?select=id%2Cdisplay_code%2Ccustomer_name%2Ccustomer_phone%2Ctotal_amount%2Corder_type%2Cdelivery_address%2Ctable_number%2Ccreated_at&company_id=eq.00000000-0000-0000-0000-000000000001&status=eq.pending&order=created_at.asc&limit=20:0
[  880622ms] [ERROR] [OrderNotification] pending fetch failed: {message: TypeError: Failed to fetch, details: TypeError: Failed to fetch
    at http://localhost…alse&lazy=true&transform.routerRoot=app:203364:26, hint: , code: } @ http://localhost:8081/node_modules/expo-router/entry.bundle?platform=web&dev=true&hot=false&lazy=true&transform.routerRoot=app:901
[  880657ms] [ERROR] Failed to load resource: net::ERR_NAME_NOT_RESOLVED @ https://zqubwvhstobaugifzoyb.supabase.co/rest/v1/orders?select=id%2Cdisplay_code%2Ccustomer_name%2Ccustomer_phone%2Ctotal_amount%2Corder_type%2Cdelivery_address%2Ctable_number%2Ccreated_at&company_id=eq.00000000-0000-0000-0000-000000000001&status=eq.pending&order=created_at.asc&limit=20:0
[  880657ms] [ERROR] [OrderNotification] pending fetch failed: {message: TypeError: Failed to fetch, details: TypeError: Failed to fetch
    at http://localhost…alse&lazy=true&transform.routerRoot=app:203364:26, hint: , code: } @ http://localhost:8081/node_modules/expo-router/entry.bundle?platform=web&dev=true&hot=false&lazy=true&transform.routerRoot=app:901
[  886030ms] [ERROR] WebSocket connection to 'wss://zqubwvhstobaugifzoyb.supabase.co/realtime/v1/websocket?apikey=eyJhbGciOiJIUzI1NiIsInR5cCI6IkpXVCJ9.eyJpc3MiOiJzdXBhYmFzZSIsInJlZiI6InpxdWJ3dmhzdG9iYXVnaWZ6b3liIiwicm9sZSI6ImFub24iLCJpYXQiOjE3Njg0MDg3OTksImV4cCI6MjA4Mzk4NDc5OX0.IWQDg4CNo8UHVMkFhXVkDG1O1IxoADpMX938kapr-SE&vsn=1.0.0' failed: Error in connection establishment: net::ERR_NAME_NOT_RESOLVED @ http://localhost:8081/node_modules/expo-router/entry.bundle?platform=web&dev=true&hot=false&lazy=true&transform.routerRoot=app:99787
[  891613ms] [ERROR] Failed to load resource: net::ERR_NAME_NOT_RESOLVED @ https://zqubwvhstobaugifzoyb.supabase.co/rest/v1/orders?select=id%2Cdisplay_code%2Ccustomer_name%2Ccustomer_phone%2Ctotal_amount%2Corder_type%2Cdelivery_address%2Ctable_number%2Ccreated_at&company_id=eq.00000000-0000-0000-0000-000000000001&status=eq.pending&order=created_at.asc&limit=20:0
[  891614ms] [ERROR] [OrderNotification] pending fetch failed: {message: TypeError: Failed to fetch, details: TypeError: Failed to fetch
    at http://localhost…alse&lazy=true&transform.routerRoot=app:203364:26, hint: , code: } @ http://localhost:8081/node_modules/expo-router/entry.bundle?platform=web&dev=true&hot=false&lazy=true&transform.routerRoot=app:901
[  896833ms] [ERROR] WebSocket connection to 'wss://zqubwvhstobaugifzoyb.supabase.co/realtime/v1/websocket?apikey=eyJhbGciOiJIUzI1NiIsInR5cCI6IkpXVCJ9.eyJpc3MiOiJzdXBhYmFzZSIsInJlZiI6InpxdWJ3dmhzdG9iYXVnaWZ6b3liIiwicm9sZSI6ImFub24iLCJpYXQiOjE3Njg0MDg3OTksImV4cCI6MjA4Mzk4NDc5OX0.IWQDg4CNo8UHVMkFhXVkDG1O1IxoADpMX938kapr-SE&vsn=1.0.0' failed: Error in connection establishment: net::ERR_NAME_NOT_RESOLVED @ http://localhost:8081/node_modules/expo-router/entry.bundle?platform=web&dev=true&hot=false&lazy=true&transform.routerRoot=app:99787
[  896856ms] [ERROR] Failed to load resource: net::ERR_NAME_NOT_RESOLVED @ https://zqubwvhstobaugifzoyb.supabase.co/rest/v1/orders?select=id%2Cdisplay_code%2Ccustomer_name%2Ccustomer_phone%2Ctotal_amount%2Corder_type%2Cdelivery_address%2Ctable_number%2Ccreated_at&company_id=eq.00000000-0000-0000-0000-000000000001&status=eq.pending&order=created_at.asc&limit=20:0
[  896856ms] [ERROR] [OrderNotification] pending fetch failed: {message: TypeError: Failed to fetch, details: TypeError: Failed to fetch
    at http://localhost…alse&lazy=true&transform.routerRoot=app:203364:26, hint: , code: } @ http://localhost:8081/node_modules/expo-router/entry.bundle?platform=web&dev=true&hot=false&lazy=true&transform.routerRoot=app:901
[  896883ms] [ERROR] Failed to load resource: net::ERR_NAME_NOT_RESOLVED @ https://zqubwvhstobaugifzoyb.supabase.co/rest/v1/orders?select=id%2Cdisplay_code%2Ccustomer_name%2Ccustomer_phone%2Ctotal_amount%2Corder_type%2Cdelivery_address%2Ctable_number%2Ccreated_at&company_id=eq.00000000-0000-0000-0000-000000000001&status=eq.pending&order=created_at.asc&limit=20:0
[  896883ms] [ERROR] [OrderNotification] pending fetch failed: {message: TypeError: Failed to fetch, details: TypeError: Failed to fetch
    at http://localhost…alse&lazy=true&transform.routerRoot=app:203364:26, hint: , code: } @ http://localhost:8081/node_modules/expo-router/entry.bundle?platform=web&dev=true&hot=false&lazy=true&transform.routerRoot=app:901
[  896903ms] [ERROR] Failed to load resource: net::ERR_NAME_NOT_RESOLVED @ https://zqubwvhstobaugifzoyb.supabase.co/rest/v1/orders?select=id%2Cdisplay_code%2Ccustomer_name%2Ccustomer_phone%2Ctotal_amount%2Corder_type%2Cdelivery_address%2Ctable_number%2Ccreated_at&company_id=eq.00000000-0000-0000-0000-000000000001&status=eq.pending&order=created_at.asc&limit=20:0
[  896903ms] [ERROR] [OrderNotification] pending fetch failed: {message: TypeError: Failed to fetch, details: TypeError: Failed to fetch
    at http://localhost…alse&lazy=true&transform.routerRoot=app:203364:26, hint: , code: } @ http://localhost:8081/node_modules/expo-router/entry.bundle?platform=web&dev=true&hot=false&lazy=true&transform.routerRoot=app:901
[  896933ms] [ERROR] Failed to load resource: net::ERR_NAME_NOT_RESOLVED @ https://zqubwvhstobaugifzoyb.supabase.co/rest/v1/orders?select=id%2Cdisplay_code%2Ccustomer_name%2Ccustomer_phone%2Ctotal_amount%2Corder_type%2Cdelivery_address%2Ctable_number%2Ccreated_at&company_id=eq.00000000-0000-0000-0000-000000000001&status=eq.pending&order=created_at.asc&limit=20:0
[  896933ms] [ERROR] [OrderNotification] pending fetch failed: {message: TypeError: Failed to fetch, details: TypeError: Failed to fetch
    at http://localhost…alse&lazy=true&transform.routerRoot=app:203364:26, hint: , code: } @ http://localhost:8081/node_modules/expo-router/entry.bundle?platform=web&dev=true&hot=false&lazy=true&transform.routerRoot=app:901
[  896960ms] [ERROR] Failed to load resource: net::ERR_NAME_NOT_RESOLVED @ https://zqubwvhstobaugifzoyb.supabase.co/rest/v1/orders?select=id%2Cdisplay_code%2Ccustomer_name%2Ccustomer_phone%2Ctotal_amount%2Corder_type%2Cdelivery_address%2Ctable_number%2Ccreated_at&company_id=eq.00000000-0000-0000-0000-000000000001&status=eq.pending&order=created_at.asc&limit=20:0
[  896960ms] [ERROR] [OrderNotification] pending fetch failed: {message: TypeError: Failed to fetch, details: TypeError: Failed to fetch
    at http://localhost…alse&lazy=true&transform.routerRoot=app:203364:26, hint: , code: } @ http://localhost:8081/node_modules/expo-router/entry.bundle?platform=web&dev=true&hot=false&lazy=true&transform.routerRoot=app:901
[  900996ms] [ERROR] Failed to load resource: net::ERR_NAME_NOT_RESOLVED @ https://zqubwvhstobaugifzoyb.supabase.co/rest/v1/orders?select=id%2Cdisplay_code%2Ccustomer_name%2Ccustomer_phone%2Ctotal_amount%2Corder_type%2Cdelivery_address%2Ctable_number%2Ccreated_at&company_id=eq.00000000-0000-0000-0000-000000000001&status=eq.pending&order=created_at.asc&limit=20:0
[  900996ms] [ERROR] [OrderNotification] pending fetch failed: {message: TypeError: Failed to fetch, details: TypeError: Failed to fetch
    at http://localhost…alse&lazy=true&transform.routerRoot=app:203364:26, hint: , code: } @ http://localhost:8081/node_modules/expo-router/entry.bundle?platform=web&dev=true&hot=false&lazy=true&transform.routerRoot=app:901
[  906882ms] [ERROR] WebSocket connection to 'wss://zqubwvhstobaugifzoyb.supabase.co/realtime/v1/websocket?apikey=eyJhbGciOiJIUzI1NiIsInR5cCI6IkpXVCJ9.eyJpc3MiOiJzdXBhYmFzZSIsInJlZiI6InpxdWJ3dmhzdG9iYXVnaWZ6b3liIiwicm9sZSI6ImFub24iLCJpYXQiOjE3Njg0MDg3OTksImV4cCI6MjA4Mzk4NDc5OX0.IWQDg4CNo8UHVMkFhXVkDG1O1IxoADpMX938kapr-SE&vsn=1.0.0' failed: Error in connection establishment: net::ERR_NAME_NOT_RESOLVED @ http://localhost:8081/node_modules/expo-router/entry.bundle?platform=web&dev=true&hot=false&lazy=true&transform.routerRoot=app:99787
[  906921ms] [ERROR] Failed to load resource: net::ERR_NAME_NOT_RESOLVED @ https://zqubwvhstobaugifzoyb.supabase.co/rest/v1/orders?select=id%2Cdisplay_code%2Ccustomer_name%2Ccustomer_phone%2Ctotal_amount%2Corder_type%2Cdelivery_address%2Ctable_number%2Ccreated_at&company_id=eq.00000000-0000-0000-0000-000000000001&status=eq.pending&order=created_at.asc&limit=20:0
[  906921ms] [ERROR] [OrderNotification] pending fetch failed: {message: TypeError: Failed to fetch, details: TypeError: Failed to fetch
    at http://localhost…alse&lazy=true&transform.routerRoot=app:203364:26, hint: , code: } @ http://localhost:8081/node_modules/expo-router/entry.bundle?platform=web&dev=true&hot=false&lazy=true&transform.routerRoot=app:901
[  906955ms] [ERROR] Failed to load resource: net::ERR_NAME_NOT_RESOLVED @ https://zqubwvhstobaugifzoyb.supabase.co/rest/v1/orders?select=id%2Cdisplay_code%2Ccustomer_name%2Ccustomer_phone%2Ctotal_amount%2Corder_type%2Cdelivery_address%2Ctable_number%2Ccreated_at&company_id=eq.00000000-0000-0000-0000-000000000001&status=eq.pending&order=created_at.asc&limit=20:0
[  906955ms] [ERROR] [OrderNotification] pending fetch failed: {message: TypeError: Failed to fetch, details: TypeError: Failed to fetch
    at http://localhost…alse&lazy=true&transform.routerRoot=app:203364:26, hint: , code: } @ http://localhost:8081/node_modules/expo-router/entry.bundle?platform=web&dev=true&hot=false&lazy=true&transform.routerRoot=app:901
[  910967ms] [ERROR] Failed to load resource: net::ERR_NAME_NOT_RESOLVED @ https://zqubwvhstobaugifzoyb.supabase.co/rest/v1/orders?select=id%2Cdisplay_code%2Ccustomer_name%2Ccustomer_phone%2Ctotal_amount%2Corder_type%2Cdelivery_address%2Ctable_number%2Ccreated_at&company_id=eq.00000000-0000-0000-0000-000000000001&status=eq.pending&order=created_at.asc&limit=20:0
[  910967ms] [ERROR] [OrderNotification] pending fetch failed: {message: TypeError: Failed to fetch, details: TypeError: Failed to fetch
    at http://localhost…alse&lazy=true&transform.routerRoot=app:203364:26, hint: , code: } @ http://localhost:8081/node_modules/expo-router/entry.bundle?platform=web&dev=true&hot=false&lazy=true&transform.routerRoot=app:901
[  916933ms] [ERROR] WebSocket connection to 'wss://zqubwvhstobaugifzoyb.supabase.co/realtime/v1/websocket?apikey=eyJhbGciOiJIUzI1NiIsInR5cCI6IkpXVCJ9.eyJpc3MiOiJzdXBhYmFzZSIsInJlZiI6InpxdWJ3dmhzdG9iYXVnaWZ6b3liIiwicm9sZSI6ImFub24iLCJpYXQiOjE3Njg0MDg3OTksImV4cCI6MjA4Mzk4NDc5OX0.IWQDg4CNo8UHVMkFhXVkDG1O1IxoADpMX938kapr-SE&vsn=1.0.0' failed: Error in connection establishment: net::ERR_NAME_NOT_RESOLVED @ http://localhost:8081/node_modules/expo-router/entry.bundle?platform=web&dev=true&hot=false&lazy=true&transform.routerRoot=app:99787
[  916972ms] [ERROR] Failed to load resource: net::ERR_NAME_NOT_RESOLVED @ https://zqubwvhstobaugifzoyb.supabase.co/rest/v1/orders?select=id%2Cdisplay_code%2Ccustomer_name%2Ccustomer_phone%2Ctotal_amount%2Corder_type%2Cdelivery_address%2Ctable_number%2Ccreated_at&company_id=eq.00000000-0000-0000-0000-000000000001&status=eq.pending&order=created_at.asc&limit=20:0
[  916972ms] [ERROR] [OrderNotification] pending fetch failed: {message: TypeError: Failed to fetch, details: TypeError: Failed to fetch
    at http://localhost…alse&lazy=true&transform.routerRoot=app:203364:26, hint: , code: } @ http://localhost:8081/node_modules/expo-router/entry.bundle?platform=web&dev=true&hot=false&lazy=true&transform.routerRoot=app:901
[  917006ms] [ERROR] Failed to load resource: net::ERR_NAME_NOT_RESOLVED @ https://zqubwvhstobaugifzoyb.supabase.co/rest/v1/orders?select=id%2Cdisplay_code%2Ccustomer_name%2Ccustomer_phone%2Ctotal_amount%2Corder_type%2Cdelivery_address%2Ctable_number%2Ccreated_at&company_id=eq.00000000-0000-0000-0000-000000000001&status=eq.pending&order=created_at.asc&limit=20:0
[  917006ms] [ERROR] [OrderNotification] pending fetch failed: {message: TypeError: Failed to fetch, details: TypeError: Failed to fetch
    at http://localhost…alse&lazy=true&transform.routerRoot=app:203364:26, hint: , code: } @ http://localhost:8081/node_modules/expo-router/entry.bundle?platform=web&dev=true&hot=false&lazy=true&transform.routerRoot=app:901
[  920972ms] [ERROR] Failed to load resource: net::ERR_NAME_NOT_RESOLVED @ https://zqubwvhstobaugifzoyb.supabase.co/rest/v1/orders?select=id%2Cdisplay_code%2Ccustomer_name%2Ccustomer_phone%2Ctotal_amount%2Corder_type%2Cdelivery_address%2Ctable_number%2Ccreated_at&company_id=eq.00000000-0000-0000-0000-000000000001&status=eq.pending&order=created_at.asc&limit=20:0
[  920972ms] [ERROR] [OrderNotification] pending fetch failed: {message: TypeError: Failed to fetch, details: TypeError: Failed to fetch
    at http://localhost…alse&lazy=true&transform.routerRoot=app:203364:26, hint: , code: } @ http://localhost:8081/node_modules/expo-router/entry.bundle?platform=web&dev=true&hot=false&lazy=true&transform.routerRoot=app:901
[  926971ms] [ERROR] WebSocket connection to 'wss://zqubwvhstobaugifzoyb.supabase.co/realtime/v1/websocket?apikey=eyJhbGciOiJIUzI1NiIsInR5cCI6IkpXVCJ9.eyJpc3MiOiJzdXBhYmFzZSIsInJlZiI6InpxdWJ3dmhzdG9iYXVnaWZ6b3liIiwicm9sZSI6ImFub24iLCJpYXQiOjE3Njg0MDg3OTksImV4cCI6MjA4Mzk4NDc5OX0.IWQDg4CNo8UHVMkFhXVkDG1O1IxoADpMX938kapr-SE&vsn=1.0.0' failed: Error in connection establishment: net::ERR_NAME_NOT_RESOLVED @ http://localhost:8081/node_modules/expo-router/entry.bundle?platform=web&dev=true&hot=false&lazy=true&transform.routerRoot=app:99787
[  927008ms] [ERROR] Failed to load resource: net::ERR_NAME_NOT_RESOLVED @ https://zqubwvhstobaugifzoyb.supabase.co/rest/v1/orders?select=id%2Cdisplay_code%2Ccustomer_name%2Ccustomer_phone%2Ctotal_amount%2Corder_type%2Cdelivery_address%2Ctable_number%2Ccreated_at&company_id=eq.00000000-0000-0000-0000-000000000001&status=eq.pending&order=created_at.asc&limit=20:0
[  927009ms] [ERROR] [OrderNotification] pending fetch failed: {message: TypeError: Failed to fetch, details: TypeError: Failed to fetch
    at http://localhost…alse&lazy=true&transform.routerRoot=app:203364:26, hint: , code: } @ http://localhost:8081/node_modules/expo-router/entry.bundle?platform=web&dev=true&hot=false&lazy=true&transform.routerRoot=app:901
[  927048ms] [ERROR] Failed to load resource: net::ERR_NAME_NOT_RESOLVED @ https://zqubwvhstobaugifzoyb.supabase.co/rest/v1/orders?select=id%2Cdisplay_code%2Ccustomer_name%2Ccustomer_phone%2Ctotal_amount%2Corder_type%2Cdelivery_address%2Ctable_number%2Ccreated_at&company_id=eq.00000000-0000-0000-0000-000000000001&status=eq.pending&order=created_at.asc&limit=20:0
[  927048ms] [ERROR] [OrderNotification] pending fetch failed: {message: TypeError: Failed to fetch, details: TypeError: Failed to fetch
    at http://localhost…alse&lazy=true&transform.routerRoot=app:203364:26, hint: , code: } @ http://localhost:8081/node_modules/expo-router/entry.bundle?platform=web&dev=true&hot=false&lazy=true&transform.routerRoot=app:901
[  930969ms] [ERROR] Failed to load resource: net::ERR_NAME_NOT_RESOLVED @ https://zqubwvhstobaugifzoyb.supabase.co/rest/v1/orders?select=id%2Cdisplay_code%2Ccustomer_name%2Ccustomer_phone%2Ctotal_amount%2Corder_type%2Cdelivery_address%2Ctable_number%2Ccreated_at&company_id=eq.00000000-0000-0000-0000-000000000001&status=eq.pending&order=created_at.asc&limit=20:0
[  930969ms] [ERROR] [OrderNotification] pending fetch failed: {message: TypeError: Failed to fetch, details: TypeError: Failed to fetch
    at http://localhost…alse&lazy=true&transform.routerRoot=app:203364:26, hint: , code: } @ http://localhost:8081/node_modules/expo-router/entry.bundle?platform=web&dev=true&hot=false&lazy=true&transform.routerRoot=app:901
[  936515ms] [ERROR] Failed to load resource: net::ERR_NAME_NOT_RESOLVED @ https://zqubwvhstobaugifzoyb.supabase.co/rest/v1/orders?select=id%2Cdisplay_code%2Ccustomer_name%2Ccustomer_phone%2Ctotal_amount%2Corder_type%2Cdelivery_address%2Ctable_number%2Ccreated_at&company_id=eq.00000000-0000-0000-0000-000000000001&status=eq.pending&order=created_at.asc&limit=20:0
[  936515ms] [ERROR] [OrderNotification] pending fetch failed: {message: TypeError: Failed to fetch, details: TypeError: Failed to fetch
    at http://localhost…alse&lazy=true&transform.routerRoot=app:203364:26, hint: , code: } @ http://localhost:8081/node_modules/expo-router/entry.bundle?platform=web&dev=true&hot=false&lazy=true&transform.routerRoot=app:901
