[     492ms] [INFO] %cDownload the React DevTools for a better development experience: https://react.dev/link/react-devtools font-weight:bold @ http://localhost:8081/node_modules/expo-router/entry.bundle?platform=web&dev=true&hot=false&lazy=true&transform.routerRoot=app:17348
[     529ms] [LOG] Running application "main" with appParams:
 {rootTag: #root, hydrate: undefined} 
Development-level warnings: ON.
Performance optimizations: OFF. @ http://localhost:8081/node_modules/expo-router/entry.bundle?platform=web&dev=true&hot=false&lazy=true&transform.routerRoot=app:40281
[     581ms] [WARNING] [expo-av]: Expo AV has been deprecated and will be removed in SDK 54. Use the `expo-audio` and `expo-video` packages to replace the required functionality. @ http://localhost:8081/node_modules/expo-router/entry.bundle?platform=web&dev=true&hot=false&lazy=true&transform.routerRoot=app:199208
[     623ms] [WARNING] props.pointerEvents is deprecated. Use style.pointerEvents @ http://localhost:8081/node_modules/expo-router/entry.bundle?platform=web&dev=true&hot=false&lazy=true&transform.routerRoot=app:23886
[  410834ms] [ERROR] Failed to load resource: the server responded with a status of 401 () @ https://zqubwvhstobaugifzoyb.supabase.co/rest/v1/order_items?columns=%22order_id%22%2C%22product_id%22%2C%22quantity%22%2C%22unit_price%22%2C%22total_price%22%2C%22notes%22:0
[  410835ms] [ERROR] Order items creation error: {code: 42501, details: null, hint: null, message: new row violates row-level security policy for table "order_items"} @ http://localhost:8081/node_modules/expo-router/entry.bundle?platform=web&dev=true&hot=false&lazy=true&transform.routerRoot=app:901
[  411063ms] [ERROR] Create order mutation failed: Error: Errore nell'aggiunta dei prodotti: new row violates row-level security policy for table "order_items"
    at Object.mutationFn (http://localhost:8081/node_modules/expo-router/entry.bundle?platform=web&dev=true&hot=false&lazy=true&transform.routerRoot=app:198296:17) @ http://localhost:8081/node_modules/expo-router/entry.bundle?platform=web&dev=true&hot=false&lazy=true&transform.routerRoot=app:901
[  411063ms] [ERROR] ❌ Order creation failed: Error: Errore nell'aggiunta dei prodotti: new row violates row-level security policy for table "order_items"
    at Object.mutationFn (http://localhost:8081/node_modules/expo-router/entry.bundle?platform=web&dev=true&hot=false&lazy=true&transform.routerRoot=app:198296:17) @ http://localhost:8081/node_modules/expo-router/entry.bundle?platform=web&dev=true&hot=false&lazy=true&transform.routerRoot=app:901
[  684093ms] [LOG] [OfflineQueue] Offline event detected @ http://localhost:8081/node_modules/expo-router/entry.bundle?platform=web&dev=true&hot=false&lazy=true&transform.routerRoot=app:198569
[  684514ms] [LOG] [OfflineQueue] Online event, triggering sync... @ http://localhost:8081/node_modules/expo-router/entry.bundle?platform=web&dev=true&hot=false&lazy=true&transform.routerRoot=app:198565
[  684514ms] [LOG] [OfflineQueue] Connection restored, triggering sync... @ http://localhost:8081/node_modules/expo-router/entry.bundle?platform=web&dev=true&hot=false&lazy=true&transform.routerRoot=app:198556
[ 1005122ms] [ERROR] Failed to load resource: the server responded with a status of 400 () @ https://zqubwvhstobaugifzoyb.supabase.co/rest/v1/order_items?columns=%22order_id%22%2C%22product_id%22%2C%22quantity%22%2C%22unit_price%22%2C%22total_price%22%2C%22notes%22:0
[ 1005123ms] [ERROR] Order items creation error: {code: 42703, details: null, hint: null, message: column oi.price does not exist} @ http://localhost:8081/node_modules/expo-router/entry.bundle?platform=web&dev=true&hot=false&lazy=true&transform.routerRoot=app:901
[ 1005575ms] [ERROR] Create order mutation failed: Error: Errore nell'aggiunta dei prodotti: column oi.price does not exist
    at Object.mutationFn (http://localhost:8081/node_modules/expo-router/entry.bundle?platform=web&dev=true&hot=false&lazy=true&transform.routerRoot=app:198296:17) @ http://localhost:8081/node_modules/expo-router/entry.bundle?platform=web&dev=true&hot=false&lazy=true&transform.routerRoot=app:901
[ 1005576ms] [ERROR] ❌ Order creation failed: Error: Errore nell'aggiunta dei prodotti: column oi.price does not exist
    at Object.mutationFn (http://localhost:8081/node_modules/expo-router/entry.bundle?platform=web&dev=true&hot=false&lazy=true&transform.routerRoot=app:198296:17) @ http://localhost:8081/node_modules/expo-router/entry.bundle?platform=web&dev=true&hot=false&lazy=true&transform.routerRoot=app:901
[ 1282253ms] [LOG] ✅ Order created successfully: b7d766da-a5f8-4c1e-b7d1-e885e07d7715 @ http://localhost:8081/node_modules/expo-router/entry.bundle?platform=web&dev=true&hot=false&lazy=true&transform.routerRoot=app:209872
[ 1342773ms] [LOG] [OfflineQueue] Offline event detected @ http://localhost:8081/node_modules/expo-router/entry.bundle?platform=web&dev=true&hot=false&lazy=true&transform.routerRoot=app:198569
[ 1343038ms] [LOG] [OfflineQueue] Online event, triggering sync... @ http://localhost:8081/node_modules/expo-router/entry.bundle?platform=web&dev=true&hot=false&lazy=true&transform.routerRoot=app:198565
[ 1343038ms] [LOG] [OfflineQueue] Connection restored, triggering sync... @ http://localhost:8081/node_modules/expo-router/entry.bundle?platform=web&dev=true&hot=false&lazy=true&transform.routerRoot=app:198556
[ 3262584ms] [INFO] %cDownload the React DevTools for a better development experience: https://react.dev/link/react-devtools font-weight:bold @ http://localhost:8081/node_modules/expo-router/entry.bundle?platform=web&dev=true&hot=false&lazy=true&transform.routerRoot=app:17348
[ 3262621ms] [LOG] Running application "main" with appParams:
 {rootTag: #root, hydrate: undefined} 
Development-level warnings: ON.
Performance optimizations: OFF. @ http://localhost:8081/node_modules/expo-router/entry.bundle?platform=web&dev=true&hot=false&lazy=true&transform.routerRoot=app:40281
[ 3262687ms] [WARNING] [expo-av]: Expo AV has been deprecated and will be removed in SDK 54. Use the `expo-audio` and `expo-video` packages to replace the required functionality. @ http://localhost:8081/node_modules/expo-router/entry.bundle?platform=web&dev=true&hot=false&lazy=true&transform.routerRoot=app:199224
[ 3262723ms] [WARNING] props.pointerEvents is deprecated. Use style.pointerEvents @ http://localhost:8081/node_modules/expo-router/entry.bundle?platform=web&dev=true&hot=false&lazy=true&transform.routerRoot=app:23886
[ 5854671ms] [INFO] %cDownload the React DevTools for a better development experience: https://react.dev/link/react-devtools font-weight:bold @ http://localhost:8081/node_modules/expo-router/entry.bundle?platform=web&dev=true&hot=false&lazy=true&transform.routerRoot=app:17348
[ 5854707ms] [LOG] Running application "main" with appParams:
 {rootTag: #root, hydrate: undefined} 
Development-level warnings: ON.
Performance optimizations: OFF. @ http://localhost:8081/node_modules/expo-router/entry.bundle?platform=web&dev=true&hot=false&lazy=true&transform.routerRoot=app:40281
[ 5854768ms] [WARNING] [expo-av]: Expo AV has been deprecated and will be removed in SDK 54. Use the `expo-audio` and `expo-video` packages to replace the required functionality. @ http://localhost:8081/node_modules/expo-router/entry.bundle?platform=web&dev=true&hot=false&lazy=true&transform.routerRoot=app:199208
[ 5854808ms] [WARNING] props.pointerEvents is deprecated. Use style.pointerEvents @ http://localhost:8081/node_modules/expo-router/entry.bundle?platform=web&dev=true&hot=false&lazy=true&transform.routerRoot=app:23886
